<!doctype html>
<head>
	<meta charset="UTF-8"/>
	<meta name="keywords" content="Golden"/>
	<meta name="description" content="Golden" />
	<meta name="language" content="pl"/>
	<meta http-equiv="refresh" content="60"/>
	<meta name="robots" content="index,follow"/>
	<link rel="stylesheet" href="golden_style.css" type="text/css">
	
	<title> Golden
			</title>
		</head>
	<body>
		
	
			<div class="header">
				

				<div id="menu"  class>
					<div class="flex-item_logo">	
					<img src="logo.png" class="logo">
					</div>
					<div class="flex-item_menu">
						<ul>
							<li><a href="#">HOME</a></li>
							<li><a href="#">SERVICES</a></li>
							<li><a href="#">PORTFOLIO</a></li>
							<li><a href="#">ABOUT</a></li>
							<li><a href="#">CONTACT</a></li>

						</ul>
					</div>		
				</div>
					
				<div class="naglowek_header">
				
					<h2>Welcome To Our Studio!</h2>
					<h1>IT'S NICE TO MEET YOU</h1>
				</div>
			
				<input type="button" value="TELL ME MORE" class="button">
					
			</div>

			
			<div class="services">
				<h1>SERVICES</h1>
				<h2>The services given consist out of :</h2>
				<div class="flex-container">
						<div class="flex-item" >
							<img src="ikonka_koszyk.png" id="ikonka">
							<h3>E-Commerce</h3>
							<p>E-commerce is a transaction of buying or selling online. Electronic commerce draws on technologies such as mobile commerce, electronic funds transfer, supply chain management, Internet marketing, online transaction processing, electronic data interchange (EDI), inventory management systems, and automated data collection systems. 
							</p>
						</div>

						<div class="flex-item" >
							<img src="laptop.png" id="ikonka">
							<h3>Responsive Web</h3>
							<p>E-commerce is a transaction of buying or selling online. Electronic commerce draws on technologies such as mobile commerce, electronic funds transfer, supply chain management, Internet marketing, online transaction processing, electronic data interchange (EDI), inventory management systems, and automated data collection systems. 
							</p>
						</div>

						<div class="flex-item">
							<img src="zamek.png" id="ikonka">
							<h3>Web Security</h3>
							<p>E-commerce is a transaction of buying or selling online. Electronic commerce draws on technologies such as mobile commerce, electronic funds transfer, supply chain management, Internet marketing, online transaction processing, electronic data interchange (EDI), inventory management systems, and automated data collection systems. 
							</p>
						</div>
				</div>
			</div>
			

			<div class="portfolio">	
				<h1> OUR PORTFOLIO</h1>
				<h2>Drukujemy zdjęcia z myślą o Twoich potrzebach.</h2>
				
				<div class="flex-container2" id="portfolio">
						
						<div class="flex-item2">
							<div class="gallery">
								<img src="ebony.png">
								
							</div>
							<div class="desc">
								<h4>Ebony & Ivory</h4>
								<span>Branding</span>
							</div>

						</div>
					  
					   <div class="flex-item2"> 
					   		<div class="gallery">
					  			 <img src="smart.png">
			  			 	</div>
			  			 	<div class="desc">
			  			 		<h4>Smart Stationary</h4>
								<span>Print Design</span>
							</div>
						</div>
					  
					    <div class="flex-item2"> 
				    		<div class="gallery">
					  			 <img src="clever_poster.png">
			  			 	</div>
			  			 	<div class="desc">
			  			 		<h4>Clever Poster</h4>
								<span>Print Design</span>
							</div>


					    </div>
				
				</div>	
				<div class="flex-container2" id="portfolio">
					 <div class="flex-item2"> 
					   		<div class="gallery">
					  			 <img src="vinyl.png">
			  			 	</div>
			  			 	<div class="desc">
			  			 		<h4>Smart Stationary</h4>
								<span>Print Design</span>
							</div>
						</div>
						 <div class="flex-item2"> 
					   		<div class="gallery">
					  			 <img src="treehouse.png">
			  			 	</div>
			  			 	<div class="desc">
			  			 		<h4>Smart Stationary</h4>
								<span>Print Design</span>
							</div>
						</div>
						 <div class="flex-item2"> 
					   		<div class="gallery">
					  			 <img src="burned_logo.png">
			  			 	</div>
			  			 	<div class="desc">
			  			 		<h4>Smart Stationary</h4>
								<span>Print Design</span>
							</div>
						</div>
				
				</div>		
						   
			</div>

			<div class="about_us">
				<h1>ABOUT US</h1>
			</div>
				
		
			

				
		

			<footer>
				
						
			</footer>
			

			


</body>
</html>